8 15
1 2 1
1 3 2
1 4 3
5 8 0
6 8 0
7 8 0
2 5 0
2 6 2
2 7 6
3 5 7
3 6 9
3 7 12
4 5 13
4 6 8
4 7 6
