0.208804270061789
0.495936856319201
0.783069442576613
1
