Yes
1 3
3 2
2 7
7 9
9 8
1 4
4 5
1 11
11 10
4 6
3 12
